
Allocating common symbols
Common symbol       size              file

CurrentPos          0x4               ..\obj\stm32f4_discovery_audio_codec.o
AUDIO_MAL_DMA_InitStructure
                    0x3c              ..\obj\stm32f4_discovery_audio_codec.o
NVIC_InitStructure  0x4               ..\obj\stm32f4_discovery.o
DMA_InitStructure   0x3c              ..\obj\stm32f4_discovery_audio_codec.o
gsData              0x18              ..\obj\TLC5940.o

Discarded input sections

 .text          0x00000000        0x0 ..\obj\stm32f4xx_syscfg.o
 .data          0x00000000        0x0 ..\obj\stm32f4xx_syscfg.o
 .bss           0x00000000        0x0 ..\obj\stm32f4xx_syscfg.o
 .text.SYSCFG_DeInit
                0x00000000       0x20 ..\obj\stm32f4xx_syscfg.o
 .text.SYSCFG_MemoryRemapConfig
                0x00000000       0x20 ..\obj\stm32f4xx_syscfg.o
 .text.SYSCFG_EXTILineConfig
                0x00000000       0xb0 ..\obj\stm32f4xx_syscfg.o
 .text.SYSCFG_ETH_MediaInterfaceConfig
                0x00000000       0x20 ..\obj\stm32f4xx_syscfg.o
 .text.SYSCFG_CompensationCellCmd
                0x00000000       0x20 ..\obj\stm32f4xx_syscfg.o
 .text.SYSCFG_GetCompensationCellStatus
                0x00000000       0x3c ..\obj\stm32f4xx_syscfg.o
 .debug_info    0x00000000      0x279 ..\obj\stm32f4xx_syscfg.o
 .debug_abbrev  0x00000000      0x133 ..\obj\stm32f4xx_syscfg.o
 .debug_loc     0x00000000      0x144 ..\obj\stm32f4xx_syscfg.o
 .debug_aranges
                0x00000000       0x48 ..\obj\stm32f4xx_syscfg.o
 .debug_ranges  0x00000000       0x38 ..\obj\stm32f4xx_syscfg.o
 .debug_line    0x00000000      0x1a9 ..\obj\stm32f4xx_syscfg.o
 .debug_str     0x00000000      0x28c ..\obj\stm32f4xx_syscfg.o
 .comment       0x00000000       0x71 ..\obj\stm32f4xx_syscfg.o
 .ARM.attributes
                0x00000000       0x3b ..\obj\stm32f4xx_syscfg.o
 .debug_frame   0x00000000       0xbc ..\obj\stm32f4xx_syscfg.o
 .text          0x00000000        0x0 ..\obj\stm32f4_discovery_audio_codec.o
 .bss           0x00000000        0x8 ..\obj\stm32f4_discovery_audio_codec.o
 .text.EVAL_AUDIO_SetAudioInterface
                0x00000000      0x170 ..\obj\stm32f4_discovery_audio_codec.o
 .text.EVAL_AUDIO_Init
                0x00000000       0x68 ..\obj\stm32f4_discovery_audio_codec.o
 .text.EVAL_AUDIO_DeInit
                0x00000000       0x14 ..\obj\stm32f4_discovery_audio_codec.o
 .text.EVAL_AUDIO_Play
                0x00000000       0x98 ..\obj\stm32f4_discovery_audio_codec.o
 .text.EVAL_AUDIO_PauseResume
                0x00000000       0x34 ..\obj\stm32f4_discovery_audio_codec.o
 .text.EVAL_AUDIO_Stop
                0x00000000       0x40 ..\obj\stm32f4_discovery_audio_codec.o
 .text.EVAL_AUDIO_VolumeCtl
                0x00000000       0x4c ..\obj\stm32f4_discovery_audio_codec.o
 .text.EVAL_AUDIO_Mute
                0x00000000       0x1c ..\obj\stm32f4_discovery_audio_codec.o
 .text.Codec_Init
                0x00000000      0x1a8 ..\obj\stm32f4_discovery_audio_codec.o
 .text.Codec_DeInit
                0x00000000       0x3c ..\obj\stm32f4_discovery_audio_codec.o
 .text.Codec_Play
                0x00000000       0x10 ..\obj\stm32f4_discovery_audio_codec.o
 .text.Codec_PauseResume
                0x00000000       0x88 ..\obj\stm32f4_discovery_audio_codec.o
 .text.Codec_Stop
                0x00000000       0x70 ..\obj\stm32f4_discovery_audio_codec.o
 .text.Codec_VolumeCtrl
                0x00000000       0x8c ..\obj\stm32f4_discovery_audio_codec.o
 .text.Codec_Mute
                0x00000000       0x54 ..\obj\stm32f4_discovery_audio_codec.o
 .text.Codec_Reset
                0x00000000       0x38 ..\obj\stm32f4_discovery_audio_codec.o
 .text.Codec_WriteRegister
                0x00000000      0x23c ..\obj\stm32f4_discovery_audio_codec.o
 .text.Codec_ReadRegister
                0x00000000      0x388 ..\obj\stm32f4_discovery_audio_codec.o
 .text.Codec_CtrlInterface_Init
                0x00000000       0x70 ..\obj\stm32f4_discovery_audio_codec.o
 .text.Codec_CtrlInterface_DeInit
                0x00000000        0xc ..\obj\stm32f4_discovery_audio_codec.o
 .text.Codec_AudioInterface_Init
                0x00000000       0xa4 ..\obj\stm32f4_discovery_audio_codec.o
 .text.Codec_AudioInterface_DeInit
                0x00000000       0x30 ..\obj\stm32f4_discovery_audio_codec.o
 .text.Codec_GPIO_Init
                0x00000000      0x1ac ..\obj\stm32f4_discovery_audio_codec.o
 .text.Codec_GPIO_DeInit
                0x00000000       0xb8 ..\obj\stm32f4_discovery_audio_codec.o
 .text.Delay    0x00000000       0x24 ..\obj\stm32f4_discovery_audio_codec.o
 .text.Audio_MAL_Init
                0x00000000      0x1ec ..\obj\stm32f4_discovery_audio_codec.o
 .text.Audio_MAL_DeInit
                0x00000000       0x5c ..\obj\stm32f4_discovery_audio_codec.o
 .text.Audio_MAL_Play
                0x00000000       0xd4 ..\obj\stm32f4_discovery_audio_codec.o
 .text.Audio_MAL_PauseResume
                0x00000000       0x90 ..\obj\stm32f4_discovery_audio_codec.o
 .text.Audio_MAL_Stop
                0x00000000       0x6c ..\obj\stm32f4_discovery_audio_codec.o
 .text.DAC_Config
                0x00000000       0x78 ..\obj\stm32f4_discovery_audio_codec.o
 .text          0x00000000        0x0 ..\obj\stm32f4xx_dac.o
 .data          0x00000000        0x0 ..\obj\stm32f4xx_dac.o
 .bss           0x00000000        0x0 ..\obj\stm32f4xx_dac.o
 .text.DAC_DeInit
                0x00000000       0x20 ..\obj\stm32f4xx_dac.o
 .text.DAC_Init
                0x00000000       0x74 ..\obj\stm32f4xx_dac.o
 .text.DAC_StructInit
                0x00000000       0x34 ..\obj\stm32f4xx_dac.o
 .text.DAC_Cmd  0x00000000       0x64 ..\obj\stm32f4xx_dac.o
 .text.DAC_SoftwareTriggerCmd
                0x00000000       0x6c ..\obj\stm32f4xx_dac.o
 .text.DAC_DualSoftwareTriggerCmd
                0x00000000       0x4c ..\obj\stm32f4xx_dac.o
 .text.DAC_WaveGenerationCmd
                0x00000000       0x60 ..\obj\stm32f4xx_dac.o
 .text.DAC_SetChannel2Data
                0x00000000       0x38 ..\obj\stm32f4xx_dac.o
 .text.DAC_SetDualChannelData
                0x00000000       0x64 ..\obj\stm32f4xx_dac.o
 .text.DAC_GetDataOutputValue
                0x00000000       0x3c ..\obj\stm32f4xx_dac.o
 .text.DAC_DMACmd
                0x00000000       0x64 ..\obj\stm32f4xx_dac.o
 .text.DAC_ITConfig
                0x00000000       0x60 ..\obj\stm32f4xx_dac.o
 .text.DAC_GetFlagStatus
                0x00000000       0x44 ..\obj\stm32f4xx_dac.o
 .text.DAC_ClearFlag
                0x00000000       0x28 ..\obj\stm32f4xx_dac.o
 .text.DAC_GetITStatus
                0x00000000       0x68 ..\obj\stm32f4xx_dac.o
 .text.DAC_ClearITPendingBit
                0x00000000       0x28 ..\obj\stm32f4xx_dac.o
 .text          0x00000000        0x0 ..\obj\startup_stm32f4xx.o
 .data          0x00000000        0x0 ..\obj\startup_stm32f4xx.o
 .bss           0x00000000        0x0 ..\obj\startup_stm32f4xx.o
 .text          0x00000000        0x0 ..\obj\stm32f4_discovery.o
 .data          0x00000000       0x14 ..\obj\stm32f4_discovery.o
 .bss           0x00000000        0x0 ..\obj\stm32f4_discovery.o
 .rodata        0x00000000       0x30 ..\obj\stm32f4_discovery.o
 .text.STM_EVAL_LEDInit
                0x00000000       0x6c ..\obj\stm32f4_discovery.o
 .text.STM_EVAL_LEDOn
                0x00000000       0x34 ..\obj\stm32f4_discovery.o
 .text.STM_EVAL_LEDOff
                0x00000000       0x34 ..\obj\stm32f4_discovery.o
 .text.STM_EVAL_LEDToggle
                0x00000000       0x44 ..\obj\stm32f4_discovery.o
 .text.STM_EVAL_PBInit
                0x00000000       0xec ..\obj\stm32f4_discovery.o
 .text.STM_EVAL_PBGetState
                0x00000000       0x3c ..\obj\stm32f4_discovery.o
 .debug_info    0x00000000      0x8ba ..\obj\stm32f4_discovery.o
 .debug_abbrev  0x00000000      0x185 ..\obj\stm32f4_discovery.o
 .debug_loc     0x00000000      0x150 ..\obj\stm32f4_discovery.o
 .debug_aranges
                0x00000000       0x48 ..\obj\stm32f4_discovery.o
 .debug_ranges  0x00000000       0x38 ..\obj\stm32f4_discovery.o
 .debug_line    0x00000000      0x226 ..\obj\stm32f4_discovery.o
 .debug_str     0x00000000      0xac4 ..\obj\stm32f4_discovery.o
 .comment       0x00000000       0x71 ..\obj\stm32f4_discovery.o
 .ARM.attributes
                0x00000000       0x3b ..\obj\stm32f4_discovery.o
 .debug_frame   0x00000000       0xc4 ..\obj\stm32f4_discovery.o
 COMMON         0x00000000        0x4 ..\obj\stm32f4_discovery.o
 .text          0x00000000        0x0 ..\obj\main.o
 .data          0x00000000        0x0 ..\obj\main.o
 .bss           0x00000000        0x0 ..\obj\main.o
 .text          0x00000000        0x0 ..\obj\stm32f4xx_rcc.o
 .data          0x00000000       0x10 ..\obj\stm32f4xx_rcc.o
 .bss           0x00000000        0x0 ..\obj\stm32f4xx_rcc.o
 .text.RCC_DeInit
                0x00000000       0x84 ..\obj\stm32f4xx_rcc.o
 .text.RCC_HSEConfig
                0x00000000       0x30 ..\obj\stm32f4xx_rcc.o
 .text.RCC_WaitForHSEStartUp
                0x00000000       0x64 ..\obj\stm32f4xx_rcc.o
 .text.RCC_AdjustHSICalibrationValue
                0x00000000       0x48 ..\obj\stm32f4xx_rcc.o
 .text.RCC_HSICmd
                0x00000000       0x20 ..\obj\stm32f4xx_rcc.o
 .text.RCC_LSEConfig
                0x00000000       0x60 ..\obj\stm32f4xx_rcc.o
 .text.RCC_LSICmd
                0x00000000       0x20 ..\obj\stm32f4xx_rcc.o
 .text.RCC_PLLConfig
                0x00000000       0x48 ..\obj\stm32f4xx_rcc.o
 .text.RCC_PLLCmd
                0x00000000       0x20 ..\obj\stm32f4xx_rcc.o
 .text.RCC_PLLI2SConfig
                0x00000000       0x30 ..\obj\stm32f4xx_rcc.o
 .text.RCC_PLLI2SCmd
                0x00000000       0x20 ..\obj\stm32f4xx_rcc.o
 .text.RCC_ClockSecuritySystemCmd
                0x00000000       0x20 ..\obj\stm32f4xx_rcc.o
 .text.RCC_MCO2Config
                0x00000000       0x48 ..\obj\stm32f4xx_rcc.o
 .text.RCC_SYSCLKConfig
                0x00000000       0x40 ..\obj\stm32f4xx_rcc.o
 .text.RCC_GetSYSCLKSource
                0x00000000       0x20 ..\obj\stm32f4xx_rcc.o
 .text.RCC_HCLKConfig
                0x00000000       0x40 ..\obj\stm32f4xx_rcc.o
 .text.RCC_PCLK1Config
                0x00000000       0x40 ..\obj\stm32f4xx_rcc.o
 .text.RCC_PCLK2Config
                0x00000000       0x44 ..\obj\stm32f4xx_rcc.o
 .text.RCC_GetClocksFreq
                0x00000000      0x1cc ..\obj\stm32f4xx_rcc.o
 .text.RCC_RTCCLKConfig
                0x00000000       0x74 ..\obj\stm32f4xx_rcc.o
 .text.RCC_RTCCLKCmd
                0x00000000       0x20 ..\obj\stm32f4xx_rcc.o
 .text.RCC_BackupResetCmd
                0x00000000       0x20 ..\obj\stm32f4xx_rcc.o
 .text.RCC_I2SCLKConfig
                0x00000000       0x20 ..\obj\stm32f4xx_rcc.o
 .text.RCC_AHB2PeriphClockCmd
                0x00000000       0x54 ..\obj\stm32f4xx_rcc.o
 .text.RCC_AHB3PeriphClockCmd
                0x00000000       0x54 ..\obj\stm32f4xx_rcc.o
 .text.RCC_APB2PeriphClockCmd
                0x00000000       0x54 ..\obj\stm32f4xx_rcc.o
 .text.RCC_AHB1PeriphResetCmd
                0x00000000       0x54 ..\obj\stm32f4xx_rcc.o
 .text.RCC_AHB2PeriphResetCmd
                0x00000000       0x54 ..\obj\stm32f4xx_rcc.o
 .text.RCC_AHB3PeriphResetCmd
                0x00000000       0x54 ..\obj\stm32f4xx_rcc.o
 .text.RCC_AHB1PeriphClockLPModeCmd
                0x00000000       0x54 ..\obj\stm32f4xx_rcc.o
 .text.RCC_AHB2PeriphClockLPModeCmd
                0x00000000       0x54 ..\obj\stm32f4xx_rcc.o
 .text.RCC_AHB3PeriphClockLPModeCmd
                0x00000000       0x54 ..\obj\stm32f4xx_rcc.o
 .text.RCC_APB1PeriphClockLPModeCmd
                0x00000000       0x54 ..\obj\stm32f4xx_rcc.o
 .text.RCC_APB2PeriphClockLPModeCmd
                0x00000000       0x54 ..\obj\stm32f4xx_rcc.o
 .text.RCC_ITConfig
                0x00000000       0x60 ..\obj\stm32f4xx_rcc.o
 .text.RCC_GetFlagStatus
                0x00000000       0x90 ..\obj\stm32f4xx_rcc.o
 .text.RCC_ClearFlag
                0x00000000       0x24 ..\obj\stm32f4xx_rcc.o
 .text.RCC_GetITStatus
                0x00000000       0x40 ..\obj\stm32f4xx_rcc.o
 .text.RCC_ClearITPendingBit
                0x00000000       0x20 ..\obj\stm32f4xx_rcc.o
 .text          0x00000000        0x0 ..\obj\TLC5940.o
 .data          0x00000000        0x0 ..\obj\TLC5940.o
 .text.clockindata
                0x00000000      0x1a8 ..\obj\TLC5940.o
 .text.initSoftSPI
                0x00000000       0x68 ..\obj\TLC5940.o
 .text.deinitMCO
                0x00000000       0x58 ..\obj\TLC5940.o
 .text          0x00000000        0x0 ..\obj\stm32f4xx_gpio.o
 .data          0x00000000        0x0 ..\obj\stm32f4xx_gpio.o
 .bss           0x00000000        0x0 ..\obj\stm32f4xx_gpio.o
 .text.GPIO_DeInit
                0x00000000      0x178 ..\obj\stm32f4xx_gpio.o
 .text.GPIO_StructInit
                0x00000000       0x3c ..\obj\stm32f4xx_gpio.o
 .text.GPIO_PinLockConfig
                0x00000000       0x44 ..\obj\stm32f4xx_gpio.o
 .text.GPIO_ReadInputDataBit
                0x00000000       0x3c ..\obj\stm32f4xx_gpio.o
 .text.GPIO_ReadInputData
                0x00000000       0x1c ..\obj\stm32f4xx_gpio.o
 .text.GPIO_ReadOutputDataBit
                0x00000000       0x3c ..\obj\stm32f4xx_gpio.o
 .text.GPIO_ReadOutputData
                0x00000000       0x1c ..\obj\stm32f4xx_gpio.o
 .text.GPIO_WriteBit
                0x00000000       0x30 ..\obj\stm32f4xx_gpio.o
 .text.GPIO_Write
                0x00000000       0x1c ..\obj\stm32f4xx_gpio.o
 .text          0x00000000        0x0 ..\obj\system_stm32f4xx.o
 .bss           0x00000000        0x0 ..\obj\system_stm32f4xx.o
 .text          0x00000000        0x0 ..\obj\stm32f4xx_dma.o
 .data          0x00000000        0x0 ..\obj\stm32f4xx_dma.o
 .bss           0x00000000        0x0 ..\obj\stm32f4xx_dma.o
 .text.DMA_DeInit
                0x00000000      0x244 ..\obj\stm32f4xx_dma.o
 .text.DMA_StructInit
                0x00000000       0x8c ..\obj\stm32f4xx_dma.o
 .text.DMA_PeriphIncOffsetSizeConfig
                0x00000000       0x34 ..\obj\stm32f4xx_dma.o
 .text.DMA_FlowControllerConfig
                0x00000000       0x34 ..\obj\stm32f4xx_dma.o
 .text.DMA_GetCurrDataCounter
                0x00000000       0x1c ..\obj\stm32f4xx_dma.o
 .text.DMA_DoubleBufferModeConfig
                0x00000000       0x3c ..\obj\stm32f4xx_dma.o
 .text.DMA_DoubleBufferModeCmd
                0x00000000       0x38 ..\obj\stm32f4xx_dma.o
 .text.DMA_MemoryTargetConfig
                0x00000000       0x2c ..\obj\stm32f4xx_dma.o
 .text.DMA_GetCurrentMemoryTarget
                0x00000000       0x38 ..\obj\stm32f4xx_dma.o
 .text.DMA_GetFIFOStatus
                0x00000000       0x28 ..\obj\stm32f4xx_dma.o
 .text.DMA_GetITStatus
                0x00000000       0xc0 ..\obj\stm32f4xx_dma.o
 .text.DMA_ClearITPendingBit
                0x00000000       0x60 ..\obj\stm32f4xx_dma.o
 .text          0x00000000        0x0 ..\obj\stm32f4_discovery_callbacks.o
 .data          0x00000000        0x0 ..\obj\stm32f4_discovery_callbacks.o
 .bss           0x00000000        0x0 ..\obj\stm32f4_discovery_callbacks.o
 .text          0x00000000        0x0 ..\obj\stm32f4xx_spi.o
 .data          0x00000000        0x0 ..\obj\stm32f4xx_spi.o
 .bss           0x00000000        0x0 ..\obj\stm32f4xx_spi.o
 .text.I2S_Init
                0x00000000      0x214 ..\obj\stm32f4xx_spi.o
 .text.SPI_StructInit
                0x00000000       0x5c ..\obj\stm32f4xx_spi.o
 .text.I2S_StructInit
                0x00000000       0x44 ..\obj\stm32f4xx_spi.o
 .text.I2S_Cmd  0x00000000       0x40 ..\obj\stm32f4xx_spi.o
 .text.SPI_DataSizeConfig
                0x00000000       0x38 ..\obj\stm32f4xx_spi.o
 .text.SPI_BiDirectionalLineConfig
                0x00000000       0x40 ..\obj\stm32f4xx_spi.o
 .text.SPI_NSSInternalSoftwareConfig
                0x00000000       0x44 ..\obj\stm32f4xx_spi.o
 .text.SPI_SSOutputCmd
                0x00000000       0x40 ..\obj\stm32f4xx_spi.o
 .text.SPI_TIModeCmd
                0x00000000       0x40 ..\obj\stm32f4xx_spi.o
 .text.I2S_FullDuplexConfig
                0x00000000       0xa4 ..\obj\stm32f4xx_spi.o
 .text.SPI_I2S_ReceiveData
                0x00000000       0x1c ..\obj\stm32f4xx_spi.o
 .text.SPI_CalculateCRC
                0x00000000       0x40 ..\obj\stm32f4xx_spi.o
 .text.SPI_TransmitCRC
                0x00000000       0x24 ..\obj\stm32f4xx_spi.o
 .text.SPI_GetCRC
                0x00000000       0x34 ..\obj\stm32f4xx_spi.o
 .text.SPI_GetCRCPolynomial
                0x00000000       0x1c ..\obj\stm32f4xx_spi.o
 .text.SPI_I2S_ITConfig
                0x00000000       0x6c ..\obj\stm32f4xx_spi.o
 .text.SPI_I2S_ClearFlag
                0x00000000       0x24 ..\obj\stm32f4xx_spi.o
 .text.SPI_I2S_GetITStatus
                0x00000000       0x88 ..\obj\stm32f4xx_spi.o
 .text.SPI_I2S_ClearITPendingBit
                0x00000000       0x38 ..\obj\stm32f4xx_spi.o
 .text          0x00000000        0x0 ..\obj\stm32f4xx_i2c.o
 .data          0x00000000        0x0 ..\obj\stm32f4xx_i2c.o
 .bss           0x00000000        0x0 ..\obj\stm32f4xx_i2c.o
 .text.I2C_DeInit
                0x00000000       0x88 ..\obj\stm32f4xx_i2c.o
 .text.I2C_Init
                0x00000000      0x1ac ..\obj\stm32f4xx_i2c.o
 .text.I2C_StructInit
                0x00000000       0x44 ..\obj\stm32f4xx_i2c.o
 .text.I2C_Cmd  0x00000000       0x40 ..\obj\stm32f4xx_i2c.o
 .text.I2C_GenerateSTART
                0x00000000       0x40 ..\obj\stm32f4xx_i2c.o
 .text.I2C_GenerateSTOP
                0x00000000       0x40 ..\obj\stm32f4xx_i2c.o
 .text.I2C_Send7bitAddress
                0x00000000       0x3c ..\obj\stm32f4xx_i2c.o
 .text.I2C_AcknowledgeConfig
                0x00000000       0x40 ..\obj\stm32f4xx_i2c.o
 .text.I2C_OwnAddress2Config
                0x00000000       0x44 ..\obj\stm32f4xx_i2c.o
 .text.I2C_DualAddressCmd
                0x00000000       0x40 ..\obj\stm32f4xx_i2c.o
 .text.I2C_GeneralCallCmd
                0x00000000       0x40 ..\obj\stm32f4xx_i2c.o
 .text.I2C_SoftwareResetCmd
                0x00000000       0x48 ..\obj\stm32f4xx_i2c.o
 .text.I2C_StretchClockCmd
                0x00000000       0x40 ..\obj\stm32f4xx_i2c.o
 .text.I2C_FastModeDutyCycleConfig
                0x00000000       0x40 ..\obj\stm32f4xx_i2c.o
 .text.I2C_NACKPositionConfig
                0x00000000       0x40 ..\obj\stm32f4xx_i2c.o
 .text.I2C_SMBusAlertConfig
                0x00000000       0x40 ..\obj\stm32f4xx_i2c.o
 .text.I2C_ARPCmd
                0x00000000       0x40 ..\obj\stm32f4xx_i2c.o
 .text.I2C_SendData
                0x00000000       0x20 ..\obj\stm32f4xx_i2c.o
 .text.I2C_ReceiveData
                0x00000000       0x1c ..\obj\stm32f4xx_i2c.o
 .text.I2C_TransmitPEC
                0x00000000       0x40 ..\obj\stm32f4xx_i2c.o
 .text.I2C_PECPositionConfig
                0x00000000       0x40 ..\obj\stm32f4xx_i2c.o
 .text.I2C_CalculatePEC
                0x00000000       0x40 ..\obj\stm32f4xx_i2c.o
 .text.I2C_GetPEC
                0x00000000       0x24 ..\obj\stm32f4xx_i2c.o
 .text.I2C_DMACmd
                0x00000000       0x40 ..\obj\stm32f4xx_i2c.o
 .text.I2C_DMALastTransferCmd
                0x00000000       0x40 ..\obj\stm32f4xx_i2c.o
 .text.I2C_ReadRegister
                0x00000000       0x30 ..\obj\stm32f4xx_i2c.o
 .text.I2C_ITConfig
                0x00000000       0x48 ..\obj\stm32f4xx_i2c.o
 .text.I2C_CheckEvent
                0x00000000       0x70 ..\obj\stm32f4xx_i2c.o
 .text.I2C_GetLastEvent
                0x00000000       0x4c ..\obj\stm32f4xx_i2c.o
 .text.I2C_GetFlagStatus
                0x00000000       0x78 ..\obj\stm32f4xx_i2c.o
 .text.I2C_ClearFlag
                0x00000000       0x30 ..\obj\stm32f4xx_i2c.o
 .text.I2C_GetITStatus
                0x00000000       0x64 ..\obj\stm32f4xx_i2c.o
 .text.I2C_ClearITPendingBit
                0x00000000       0x30 ..\obj\stm32f4xx_i2c.o
 .debug_info    0x00000000      0xbab ..\obj\stm32f4xx_i2c.o
 .debug_abbrev  0x00000000      0x166 ..\obj\stm32f4xx_i2c.o
 .debug_loc     0x00000000      0x738 ..\obj\stm32f4xx_i2c.o
 .debug_aranges
                0x00000000      0x120 ..\obj\stm32f4xx_i2c.o
 .debug_ranges  0x00000000      0x110 ..\obj\stm32f4xx_i2c.o
 .debug_line    0x00000000      0x457 ..\obj\stm32f4xx_i2c.o
 .debug_str     0x00000000      0x5f2 ..\obj\stm32f4xx_i2c.o
 .comment       0x00000000       0x71 ..\obj\stm32f4xx_i2c.o
 .ARM.attributes
                0x00000000       0x3b ..\obj\stm32f4xx_i2c.o
 .debug_frame   0x00000000      0x3b4 ..\obj\stm32f4xx_i2c.o
 .text          0x00000000        0x0 ..\obj\stm32f4xx_exti.o
 .data          0x00000000        0x0 ..\obj\stm32f4xx_exti.o
 .bss           0x00000000        0x0 ..\obj\stm32f4xx_exti.o
 .text.EXTI_DeInit
                0x00000000       0x54 ..\obj\stm32f4xx_exti.o
 .text.EXTI_Init
                0x00000000      0x138 ..\obj\stm32f4xx_exti.o
 .text.EXTI_StructInit
                0x00000000       0x34 ..\obj\stm32f4xx_exti.o
 .text.EXTI_GenerateSWInterrupt
                0x00000000       0x2c ..\obj\stm32f4xx_exti.o
 .text.EXTI_GetFlagStatus
                0x00000000       0x3c ..\obj\stm32f4xx_exti.o
 .text.EXTI_ClearFlag
                0x00000000       0x20 ..\obj\stm32f4xx_exti.o
 .text.EXTI_GetITStatus
                0x00000000       0x58 ..\obj\stm32f4xx_exti.o
 .text.EXTI_ClearITPendingBit
                0x00000000       0x20 ..\obj\stm32f4xx_exti.o
 .debug_info    0x00000000      0x373 ..\obj\stm32f4xx_exti.o
 .debug_abbrev  0x00000000      0x1a7 ..\obj\stm32f4xx_exti.o
 .debug_loc     0x00000000      0x1b4 ..\obj\stm32f4xx_exti.o
 .debug_aranges
                0x00000000       0x58 ..\obj\stm32f4xx_exti.o
 .debug_ranges  0x00000000       0x48 ..\obj\stm32f4xx_exti.o
 .debug_line    0x00000000      0x220 ..\obj\stm32f4xx_exti.o
 .debug_str     0x00000000      0x2fb ..\obj\stm32f4xx_exti.o
 .comment       0x00000000       0x71 ..\obj\stm32f4xx_exti.o
 .ARM.attributes
                0x00000000       0x3b ..\obj\stm32f4xx_exti.o
 .debug_frame   0x00000000       0xec ..\obj\stm32f4xx_exti.o
 .text          0x00000000        0x0 ..\obj\misc.o
 .data          0x00000000        0x0 ..\obj\misc.o
 .bss           0x00000000        0x0 ..\obj\misc.o
 .text.NVIC_PriorityGroupConfig
                0x00000000       0x28 ..\obj\misc.o
 .text.NVIC_SetVectorTable
                0x00000000       0x2c ..\obj\misc.o
 .text.NVIC_SystemLPConfig
                0x00000000       0x54 ..\obj\misc.o
 .text.SysTick_CLKSourceConfig
                0x00000000       0x4c ..\obj\misc.o
 .text          0x00000000        0x0 ..\obj\stm32f4_discovery_lis302dl.o
 .data          0x00000000        0x4 ..\obj\stm32f4_discovery_lis302dl.o
 .bss           0x00000000        0x0 ..\obj\stm32f4_discovery_lis302dl.o
 .text.LIS302DL_Init
                0x00000000       0x54 ..\obj\stm32f4_discovery_lis302dl.o
 .text.LIS302DL_FilterConfig
                0x00000000       0x60 ..\obj\stm32f4_discovery_lis302dl.o
 .text.LIS302DL_InterruptConfig
                0x00000000       0x50 ..\obj\stm32f4_discovery_lis302dl.o
 .text.LIS302DL_LowpowerCmd
                0x00000000       0x4c ..\obj\stm32f4_discovery_lis302dl.o
 .text.LIS302DL_DataRateCmd
                0x00000000       0x4c ..\obj\stm32f4_discovery_lis302dl.o
 .text.LIS302DL_FullScaleCmd
                0x00000000       0x4c ..\obj\stm32f4_discovery_lis302dl.o
 .text.LIS302DL_RebootCmd
                0x00000000       0x3c ..\obj\stm32f4_discovery_lis302dl.o
 .text.LIS302DL_Write
                0x00000000       0x70 ..\obj\stm32f4_discovery_lis302dl.o
 .text.LIS302DL_Read
                0x00000000       0x80 ..\obj\stm32f4_discovery_lis302dl.o
 .text.LIS302DL_ReadACC
                0x00000000       0xd8 ..\obj\stm32f4_discovery_lis302dl.o
 .text.LIS302DL_LowLevel_Init
                0x00000000      0x1cc ..\obj\stm32f4_discovery_lis302dl.o
 .text.LIS302DL_SendByte
                0x00000000       0xe4 ..\obj\stm32f4_discovery_lis302dl.o
 .debug_info    0x00000000      0x838 ..\obj\stm32f4_discovery_lis302dl.o
 .debug_abbrev  0x00000000      0x1bb ..\obj\stm32f4_discovery_lis302dl.o
 .debug_loc     0x00000000      0x2a0 ..\obj\stm32f4_discovery_lis302dl.o
 .debug_aranges
                0x00000000       0x78 ..\obj\stm32f4_discovery_lis302dl.o
 .debug_ranges  0x00000000       0x68 ..\obj\stm32f4_discovery_lis302dl.o
 .debug_line    0x00000000      0x342 ..\obj\stm32f4_discovery_lis302dl.o
 .debug_str     0x00000000      0x6e5 ..\obj\stm32f4_discovery_lis302dl.o
 .comment       0x00000000       0x71 ..\obj\stm32f4_discovery_lis302dl.o
 .ARM.attributes
                0x00000000       0x3b ..\obj\stm32f4_discovery_lis302dl.o
 .debug_frame   0x00000000      0x190 ..\obj\stm32f4_discovery_lis302dl.o
 .text          0x00000000        0x0 ..\obj\stm32f4xx_tim.o
 .data          0x00000000        0x0 ..\obj\stm32f4xx_tim.o
 .bss           0x00000000        0x0 ..\obj\stm32f4xx_tim.o
 .text.TIM_DeInit
                0x00000000      0x238 ..\obj\stm32f4xx_tim.o
 .text.TIM_TimeBaseStructInit
                0x00000000       0x3c ..\obj\stm32f4xx_tim.o
 .text.TIM_PrescalerConfig
                0x00000000       0x28 ..\obj\stm32f4xx_tim.o
 .text.TIM_CounterModeConfig
                0x00000000       0x38 ..\obj\stm32f4xx_tim.o
 .text.TIM_SetCounter
                0x00000000       0x1c ..\obj\stm32f4xx_tim.o
 .text.TIM_SetAutoreload
                0x00000000       0x1c ..\obj\stm32f4xx_tim.o
 .text.TIM_GetCounter
                0x00000000       0x18 ..\obj\stm32f4xx_tim.o
 .text.TIM_GetPrescaler
                0x00000000       0x1c ..\obj\stm32f4xx_tim.o
 .text.TIM_UpdateDisableConfig
                0x00000000       0x40 ..\obj\stm32f4xx_tim.o
 .text.TIM_UpdateRequestConfig
                0x00000000       0x40 ..\obj\stm32f4xx_tim.o
 .text.TIM_ARRPreloadConfig
                0x00000000       0x40 ..\obj\stm32f4xx_tim.o
 .text.TIM_SelectOnePulseMode
                0x00000000       0x38 ..\obj\stm32f4xx_tim.o
 .text.TIM_SetClockDivision
                0x00000000       0x38 ..\obj\stm32f4xx_tim.o
 .text.TIM_OC1Init
                0x00000000       0xfc ..\obj\stm32f4xx_tim.o
 .text.TIM_OC2Init
                0x00000000      0x128 ..\obj\stm32f4xx_tim.o
 .text.TIM_OC3Init
                0x00000000      0x120 ..\obj\stm32f4xx_tim.o
 .text.TIM_OC4Init
                0x00000000       0xe0 ..\obj\stm32f4xx_tim.o
 .text.TIM_OCStructInit
                0x00000000       0x54 ..\obj\stm32f4xx_tim.o
 .text.TIM_SelectOCxM
                0x00000000       0xc0 ..\obj\stm32f4xx_tim.o
 .text.TIM_SetCompare1
                0x00000000       0x1c ..\obj\stm32f4xx_tim.o
 .text.TIM_SetCompare2
                0x00000000       0x1c ..\obj\stm32f4xx_tim.o
 .text.TIM_SetCompare3
                0x00000000       0x1c ..\obj\stm32f4xx_tim.o
 .text.TIM_SetCompare4
                0x00000000       0x1c ..\obj\stm32f4xx_tim.o
 .text.TIM_ForcedOC1Config
                0x00000000       0x38 ..\obj\stm32f4xx_tim.o
 .text.TIM_ForcedOC2Config
                0x00000000       0x40 ..\obj\stm32f4xx_tim.o
 .text.TIM_ForcedOC3Config
                0x00000000       0x38 ..\obj\stm32f4xx_tim.o
 .text.TIM_ForcedOC4Config
                0x00000000       0x40 ..\obj\stm32f4xx_tim.o
 .text.TIM_OC1PreloadConfig
                0x00000000       0x38 ..\obj\stm32f4xx_tim.o
 .text.TIM_OC2PreloadConfig
                0x00000000       0x40 ..\obj\stm32f4xx_tim.o
 .text.TIM_OC3PreloadConfig
                0x00000000       0x38 ..\obj\stm32f4xx_tim.o
 .text.TIM_OC4PreloadConfig
                0x00000000       0x40 ..\obj\stm32f4xx_tim.o
 .text.TIM_OC1FastConfig
                0x00000000       0x38 ..\obj\stm32f4xx_tim.o
 .text.TIM_OC2FastConfig
                0x00000000       0x40 ..\obj\stm32f4xx_tim.o
 .text.TIM_OC3FastConfig
                0x00000000       0x38 ..\obj\stm32f4xx_tim.o
 .text.TIM_OC4FastConfig
                0x00000000       0x40 ..\obj\stm32f4xx_tim.o
 .text.TIM_ClearOC1Ref
                0x00000000       0x38 ..\obj\stm32f4xx_tim.o
 .text.TIM_ClearOC2Ref
                0x00000000       0x44 ..\obj\stm32f4xx_tim.o
 .text.TIM_ClearOC3Ref
                0x00000000       0x38 ..\obj\stm32f4xx_tim.o
 .text.TIM_ClearOC4Ref
                0x00000000       0x44 ..\obj\stm32f4xx_tim.o
 .text.TIM_OC1PolarityConfig
                0x00000000       0x38 ..\obj\stm32f4xx_tim.o
 .text.TIM_OC1NPolarityConfig
                0x00000000       0x38 ..\obj\stm32f4xx_tim.o
 .text.TIM_OC2PolarityConfig
                0x00000000       0x40 ..\obj\stm32f4xx_tim.o
 .text.TIM_OC2NPolarityConfig
                0x00000000       0x40 ..\obj\stm32f4xx_tim.o
 .text.TIM_OC3PolarityConfig
                0x00000000       0x40 ..\obj\stm32f4xx_tim.o
 .text.TIM_OC3NPolarityConfig
                0x00000000       0x40 ..\obj\stm32f4xx_tim.o
 .text.TIM_OC4PolarityConfig
                0x00000000       0x40 ..\obj\stm32f4xx_tim.o
 .text.TIM_CCxCmd
                0x00000000       0x5c ..\obj\stm32f4xx_tim.o
 .text.TIM_CCxNCmd
                0x00000000       0x5c ..\obj\stm32f4xx_tim.o
 .text.TIM_ICInit
                0x00000000       0xa8 ..\obj\stm32f4xx_tim.o
 .text.TIM_ICStructInit
                0x00000000       0x3c ..\obj\stm32f4xx_tim.o
 .text.TIM_PWMIConfig
                0x00000000       0xc4 ..\obj\stm32f4xx_tim.o
 .text.TIM_GetCapture1
                0x00000000       0x18 ..\obj\stm32f4xx_tim.o
 .text.TIM_GetCapture2
                0x00000000       0x18 ..\obj\stm32f4xx_tim.o
 .text.TIM_GetCapture3
                0x00000000       0x18 ..\obj\stm32f4xx_tim.o
 .text.TIM_GetCapture4
                0x00000000       0x18 ..\obj\stm32f4xx_tim.o
 .text.TIM_SetIC1Prescaler
                0x00000000       0x38 ..\obj\stm32f4xx_tim.o
 .text.TIM_SetIC2Prescaler
                0x00000000       0x3c ..\obj\stm32f4xx_tim.o
 .text.TIM_SetIC3Prescaler
                0x00000000       0x38 ..\obj\stm32f4xx_tim.o
 .text.TIM_SetIC4Prescaler
                0x00000000       0x3c ..\obj\stm32f4xx_tim.o
 .text.TIM_BDTRConfig
                0x00000000       0x50 ..\obj\stm32f4xx_tim.o
 .text.TIM_BDTRStructInit
                0x00000000       0x4c ..\obj\stm32f4xx_tim.o
 .text.TIM_CtrlPWMOutputs
                0x00000000       0x50 ..\obj\stm32f4xx_tim.o
 .text.TIM_SelectCOM
                0x00000000       0x40 ..\obj\stm32f4xx_tim.o
 .text.TIM_CCPreloadControl
                0x00000000       0x40 ..\obj\stm32f4xx_tim.o
 .text.TIM_GenerateEvent
                0x00000000       0x1c ..\obj\stm32f4xx_tim.o
 .text.TIM_GetFlagStatus
                0x00000000       0x40 ..\obj\stm32f4xx_tim.o
 .text.TIM_ClearFlag
                0x00000000       0x24 ..\obj\stm32f4xx_tim.o
 .text.TIM_GetITStatus
                0x00000000       0x60 ..\obj\stm32f4xx_tim.o
 .text.TIM_DMAConfig
                0x00000000       0x28 ..\obj\stm32f4xx_tim.o
 .text.TIM_DMACmd
                0x00000000       0x48 ..\obj\stm32f4xx_tim.o
 .text.TIM_SelectCCDMA
                0x00000000       0x40 ..\obj\stm32f4xx_tim.o
 .text.TIM_InternalClockConfig
                0x00000000       0x24 ..\obj\stm32f4xx_tim.o
 .text.TIM_ITRxExternalClockConfig
                0x00000000       0x30 ..\obj\stm32f4xx_tim.o
 .text.TIM_TIxExternalClockConfig
                0x00000000       0x58 ..\obj\stm32f4xx_tim.o
 .text.TIM_ETRClockMode1Config
                0x00000000       0x54 ..\obj\stm32f4xx_tim.o
 .text.TIM_ETRClockMode2Config
                0x00000000       0x34 ..\obj\stm32f4xx_tim.o
 .text.TIM_SelectInputTrigger
                0x00000000       0x38 ..\obj\stm32f4xx_tim.o
 .text.TIM_SelectOutputTrigger
                0x00000000       0x38 ..\obj\stm32f4xx_tim.o
 .text.TIM_SelectSlaveMode
                0x00000000       0x38 ..\obj\stm32f4xx_tim.o
 .text.TIM_SelectMasterSlaveMode
                0x00000000       0x38 ..\obj\stm32f4xx_tim.o
 .text.TIM_ETRConfig
                0x00000000       0x4c ..\obj\stm32f4xx_tim.o
 .text.TIM_EncoderInterfaceConfig
                0x00000000       0x94 ..\obj\stm32f4xx_tim.o
 .text.TIM_SelectHallSensor
                0x00000000       0x40 ..\obj\stm32f4xx_tim.o
 .text.TIM_RemapConfig
                0x00000000       0x20 ..\obj\stm32f4xx_tim.o
 .text.TI1_Config
                0x00000000       0x80 ..\obj\stm32f4xx_tim.o
 .text.TI2_Config
                0x00000000       0x9c ..\obj\stm32f4xx_tim.o
 .text.TI3_Config
                0x00000000       0x8c ..\obj\stm32f4xx_tim.o
 .text.TI4_Config
                0x00000000       0xa4 ..\obj\stm32f4xx_tim.o

Memory Configuration

Name             Origin             Length             Attributes
rom              0x08000000         0x00100000         xr
ram              0x20000000         0x00020000         xrw
ram1             0x10000000         0x00010000         xrw
*default*        0x00000000         0xffffffff

Linker script and memory map

                0x20020000                _eram = 0x20020000

.text           0x08000000     0x19f4
 *(.isr_vector .isr_vector.*)
 .isr_vector    0x08000000      0x188 ..\obj\startup_stm32f4xx.o
                0x08000000                g_pfnVectors
 *(.text .text.* .gnu.linkonce.t.*)
 .text.Audio_MAL_IRQHandler
                0x08000188      0x180 ..\obj\stm32f4_discovery_audio_codec.o
 .text.DMA1_Stream7_IRQHandler
                0x08000308        0xc ..\obj\stm32f4_discovery_audio_codec.o
                0x08000308                DMA1_Stream7_IRQHandler
 .text.DMA1_Stream0_IRQHandler
                0x08000314        0xc ..\obj\stm32f4_discovery_audio_codec.o
                0x08000314                DMA1_Stream0_IRQHandler
 .text.SPI3_IRQHandler
                0x08000320       0x50 ..\obj\stm32f4_discovery_audio_codec.o
                0x08000320                SPI3_IRQHandler
 .text.DAC_SetChannel1Data
                0x08000370       0x38 ..\obj\stm32f4xx_dac.o
                0x08000370                DAC_SetChannel1Data
 .text.Default_Reset_Handler
                0x080003a8       0x7c ..\obj\startup_stm32f4xx.o
                0x080003a8                Default_Reset_Handler
                0x080003a8                Reset_Handler
 .text.Default_Handler
                0x08000424        0x8 ..\obj\startup_stm32f4xx.o
                0x08000424                RTC_Alarm_IRQHandler
                0x08000424                HASH_RNG_IRQHandler
                0x08000424                EXTI2_IRQHandler
                0x08000424                TIM8_CC_IRQHandler
                0x08000424                DebugMon_Handler
                0x08000424                TIM1_CC_IRQHandler
                0x08000424                DMA2_Stream5_IRQHandler
                0x08000424                HardFault_Handler
                0x08000424                DMA1_Stream5_IRQHandler
                0x08000424                SysTick_Handler
                0x08000424                PVD_IRQHandler
                0x08000424                SDIO_IRQHandler
                0x08000424                TAMP_STAMP_IRQHandler
                0x08000424                PendSV_Handler
                0x08000424                NMI_Handler
                0x08000424                CAN2_RX1_IRQHandler
                0x08000424                EXTI3_IRQHandler
                0x08000424                TIM8_TRG_COM_TIM14_IRQHandler
                0x08000424                TIM1_UP_TIM10_IRQHandler
                0x08000424                TIM8_UP_TIM13_IRQHandler
                0x08000424                I2C3_ER_IRQHandler
                0x08000424                EXTI0_IRQHandler
                0x08000424                I2C2_EV_IRQHandler
                0x08000424                DMA1_Stream2_IRQHandler
                0x08000424                CAN1_RX0_IRQHandler
                0x08000424                FPU_IRQHandler
                0x08000424                OTG_HS_WKUP_IRQHandler
                0x08000424                UsageFault_Handler
                0x08000424                CAN2_SCE_IRQHandler
                0x08000424                DMA2_Stream2_IRQHandler
                0x08000424                SPI1_IRQHandler
                0x08000424                TIM6_DAC_IRQHandler
                0x08000424                TIM1_BRK_TIM9_IRQHandler
                0x08000424                DCMI_IRQHandler
                0x08000424                CAN2_RX0_IRQHandler
                0x08000424                DMA2_Stream3_IRQHandler
                0x08000424                USART6_IRQHandler
                0x08000424                USART3_IRQHandler
                0x08000424                CRYP_IRQHandler
                0x08000424                CAN1_RX1_IRQHandler
                0x08000424                UART5_IRQHandler
                0x08000424                DMA2_Stream0_IRQHandler
                0x08000424                TIM4_IRQHandler
                0x08000424                I2C1_EV_IRQHandler
                0x08000424                DMA1_Stream6_IRQHandler
                0x08000424                DMA1_Stream1_IRQHandler
                0x08000424                UART4_IRQHandler
                0x08000424                TIM3_IRQHandler
                0x08000424                RCC_IRQHandler
                0x08000424                TIM8_BRK_TIM12_IRQHandler
                0x08000424                EXTI15_10_IRQHandler
                0x08000424                ADC_IRQHandler
                0x08000424                TIM7_IRQHandler
                0x08000424                CAN2_TX_IRQHandler
                0x08000424                TIM5_IRQHandler
                0x08000424                DMA2_Stream7_IRQHandler
                0x08000424                I2C3_EV_IRQHandler
                0x08000424                EXTI9_5_IRQHandler
                0x08000424                RTC_WKUP_IRQHandler
                0x08000424                ETH_WKUP_IRQHandler
                0x08000424                SPI2_IRQHandler
                0x08000424                OTG_HS_EP1_IN_IRQHandler
                0x08000424                MemManage_Handler
                0x08000424                CAN1_TX_IRQHandler
                0x08000424                SVC_Handler
                0x08000424                EXTI4_IRQHandler
                0x08000424                FSMC_IRQHandler
                0x08000424                ETH_IRQHandler
                0x08000424                OTG_HS_EP1_OUT_IRQHandler
                0x08000424                WWDG_IRQHandler
                0x08000424                OTG_FS_WKUP_IRQHandler
                0x08000424                TIM1_TRG_COM_TIM11_IRQHandler
                0x08000424                OTG_HS_IRQHandler
                0x08000424                EXTI1_IRQHandler
                0x08000424                USART2_IRQHandler
                0x08000424                I2C2_ER_IRQHandler
                0x08000424                DMA2_Stream1_IRQHandler
                0x08000424                CAN1_SCE_IRQHandler
                0x08000424                FLASH_IRQHandler
                0x08000424                DMA2_Stream4_IRQHandler
                0x08000424                BusFault_Handler
                0x08000424                USART1_IRQHandler
                0x08000424                OTG_FS_IRQHandler
                0x08000424                I2C1_ER_IRQHandler
                0x08000424                DMA2_Stream6_IRQHandler
                0x08000424                DMA1_Stream3_IRQHandler
 .text.LedInit  0x0800042c       0x48 ..\obj\main.o
                0x0800042c                LedInit
 .text.delay    0x08000474       0x30 ..\obj\main.o
                0x08000474                delay
 .text.main     0x080004a4       0xbc ..\obj\main.o
                0x080004a4                main
 .text.RCC_MCO1Config
                0x08000560       0x48 ..\obj\stm32f4xx_rcc.o
                0x08000560                RCC_MCO1Config
 .text.RCC_AHB1PeriphClockCmd
                0x080005a8       0x54 ..\obj\stm32f4xx_rcc.o
                0x080005a8                RCC_AHB1PeriphClockCmd
 .text.RCC_APB1PeriphClockCmd
                0x080005fc       0x54 ..\obj\stm32f4xx_rcc.o
                0x080005fc                RCC_APB1PeriphClockCmd
 .text.RCC_APB1PeriphResetCmd
                0x08000650       0x54 ..\obj\stm32f4xx_rcc.o
                0x08000650                RCC_APB1PeriphResetCmd
 .text.RCC_APB2PeriphResetCmd
                0x080006a4       0x54 ..\obj\stm32f4xx_rcc.o
                0x080006a4                RCC_APB2PeriphResetCmd
 .text.TLC5940_UpdateGS
                0x080006f8       0x18 ..\obj\TLC5940.o
                0x080006f8                TLC5940_UpdateGS
 .text.TLC5940_SendGS_DMARequest
                0x08000710       0x28 ..\obj\TLC5940.o
                0x08000710                TLC5940_SendGS_DMARequest
 .text.DMA1_Stream4_IRQHandler
                0x08000738       0x54 ..\obj\TLC5940.o
                0x08000738                DMA1_Stream4_IRQHandler
 .text.TIM2_IRQHandler
                0x0800078c       0x84 ..\obj\TLC5940.o
                0x0800078c                TIM2_IRQHandler
 .text.initGPIO
                0x08000810       0x48 ..\obj\TLC5940.o
                0x08000810                initGPIO
 .text.initTimer
                0x08000858       0x7c ..\obj\TLC5940.o
                0x08000858                initTimer
 .text.initMCO  0x080008d4       0x68 ..\obj\TLC5940.o
                0x080008d4                initMCO
 .text.initSPI  0x0800093c      0x110 ..\obj\TLC5940.o
                0x0800093c                initSPI
 .text.initDMA  0x08000a4c       0xb8 ..\obj\TLC5940.o
                0x08000a4c                initDMA
 .text.TLC5940_Init
                0x08000b04       0x70 ..\obj\TLC5940.o
                0x08000b04                TLC5940_Init
 .text.TLC5940_SetGS
                0x08000b74       0xdc ..\obj\TLC5940.o
                0x08000b74                TLC5940_SetGS
 .text.TLC5940_SetAllGS
                0x08000c50       0x84 ..\obj\TLC5940.o
                0x08000c50                TLC5940_SetAllGS
 .text.GPIO_Init
                0x08000cd4      0x144 ..\obj\stm32f4xx_gpio.o
                0x08000cd4                GPIO_Init
 .text.GPIO_SetBits
                0x08000e18       0x1c ..\obj\stm32f4xx_gpio.o
                0x08000e18                GPIO_SetBits
 .text.GPIO_ResetBits
                0x08000e34       0x1c ..\obj\stm32f4xx_gpio.o
                0x08000e34                GPIO_ResetBits
 .text.GPIO_ToggleBits
                0x08000e50       0x24 ..\obj\stm32f4xx_gpio.o
                0x08000e50                GPIO_ToggleBits
 .text.GPIO_PinAFConfig
                0x08000e74       0xa8 ..\obj\stm32f4xx_gpio.o
                0x08000e74                GPIO_PinAFConfig
 .text.SystemInit
                0x08000f1c       0xb0 ..\obj\system_stm32f4xx.o
                0x08000f1c                SystemInit
 .text.SystemCoreClockUpdate
                0x08000fcc      0x170 ..\obj\system_stm32f4xx.o
                0x08000fcc                SystemCoreClockUpdate
 .text.SetSysClock
                0x0800113c      0x188 ..\obj\system_stm32f4xx.o
 .text.DMA_Init
                0x080012c4       0xb0 ..\obj\stm32f4xx_dma.o
                0x080012c4                DMA_Init
 .text.DMA_Cmd  0x08001374       0x38 ..\obj\stm32f4xx_dma.o
                0x08001374                DMA_Cmd
 .text.DMA_SetCurrDataCounter
                0x080013ac       0x1c ..\obj\stm32f4xx_dma.o
                0x080013ac                DMA_SetCurrDataCounter
 .text.DMA_GetCmdStatus
                0x080013c8       0x38 ..\obj\stm32f4xx_dma.o
                0x080013c8                DMA_GetCmdStatus
 .text.DMA_GetFlagStatus
                0x08001400       0x84 ..\obj\stm32f4xx_dma.o
                0x08001400                DMA_GetFlagStatus
 .text.DMA_ClearFlag
                0x08001484       0x60 ..\obj\stm32f4xx_dma.o
                0x08001484                DMA_ClearFlag
 .text.DMA_ITConfig
                0x080014e4       0x74 ..\obj\stm32f4xx_dma.o
                0x080014e4                DMA_ITConfig
 .text.EVAL_AUDIO_TransferComplete_CallBack
                0x08001558       0x14 ..\obj\stm32f4_discovery_callbacks.o
                0x08001558                EVAL_AUDIO_TransferComplete_CallBack
 .text.EVAL_AUDIO_GetSampleCallBack
                0x0800156c       0x10 ..\obj\stm32f4_discovery_callbacks.o
                0x0800156c                EVAL_AUDIO_GetSampleCallBack
 .text.SPI_I2S_DeInit
                0x0800157c       0x88 ..\obj\stm32f4xx_spi.o
                0x0800157c                SPI_I2S_DeInit
 .text.SPI_Init
                0x08001604       0x88 ..\obj\stm32f4xx_spi.o
                0x08001604                SPI_Init
 .text.SPI_Cmd  0x0800168c       0x40 ..\obj\stm32f4xx_spi.o
                0x0800168c                SPI_Cmd
 .text.SPI_I2S_SendData
                0x080016cc       0x1c ..\obj\stm32f4xx_spi.o
                0x080016cc                SPI_I2S_SendData
 .text.SPI_I2S_DMACmd
                0x080016e8       0x48 ..\obj\stm32f4xx_spi.o
                0x080016e8                SPI_I2S_DMACmd
 .text.SPI_I2S_GetFlagStatus
                0x08001730       0x40 ..\obj\stm32f4xx_spi.o
                0x08001730                SPI_I2S_GetFlagStatus
 .text.NVIC_Init
                0x08001770       0xe4 ..\obj\misc.o
                0x08001770                NVIC_Init
 .text.TIM_TimeBaseInit
                0x08001854       0xf4 ..\obj\stm32f4xx_tim.o
                0x08001854                TIM_TimeBaseInit
 .text.TIM_Cmd  0x08001948       0x40 ..\obj\stm32f4xx_tim.o
                0x08001948                TIM_Cmd
 .text.TIM_ITConfig
                0x08001988       0x48 ..\obj\stm32f4xx_tim.o
                0x08001988                TIM_ITConfig
 .text.TIM_ClearITPendingBit
                0x080019d0       0x24 ..\obj\stm32f4xx_tim.o
                0x080019d0                TIM_ClearITPendingBit
 *(.glue_7t)
 .glue_7t       0x00000000        0x0 linker stubs
 *(.glue_7)
 .glue_7        0x00000000        0x0 linker stubs
 *(.rodata .rodata* .gnu.linkonce.r.*)

.vfp11_veneer   0x080019f4        0x0
 .vfp11_veneer  0x00000000        0x0 linker stubs

.v4_bx          0x080019f4        0x0
 .v4_bx         0x00000000        0x0 linker stubs

.iplt           0x080019f4        0x0
 .iplt          0x00000000        0x0 ..\obj\stm32f4xx_syscfg.o

.rel.dyn        0x080019f4        0x0
 .rel.iplt      0x00000000        0x0 ..\obj\stm32f4xx_syscfg.o

.ARM.extab
 *(.ARM.extab* .gnu.linkonce.armextab.*)
                0x080019f4                __exidx_start = .

.ARM.exidx
 *(.ARM.exidx* .gnu.linkonce.armexidx.*)
                0x080019f4                __exidx_end = .
                0x080019f4                . = ALIGN (0x4)
                0x080019f4                _etext = .
                0x080019f4                _sidata = .

.data           0x20000000       0x48 load address 0x080019f4
                0x20000000                _sdata = .
 *(.data .data.*)
 .data          0x20000000       0x34 ..\obj\stm32f4_discovery_audio_codec.o
                0x20000000                AudioTotalSize
                0x20000004                AudioRemSize
                0x20000008                CODECTimeout
                0x2000000c                CurrAudioInterface
                0x20000010                AUDIO_MAL_DMA_CLOCK
                0x20000014                AUDIO_MAL_DMA_STREAM
                0x20000018                AUDIO_MAL_DMA_DREG
                0x2000001c                AUDIO_MAL_DMA_IRQ
                0x20000020                AUDIO_MAL_DMA_FLAG_TC
                0x20000024                AUDIO_MAL_DMA_FLAG_HT
                0x20000028                AUDIO_MAL_DMA_FLAG_FE
                0x2000002c                AUDIO_MAL_DMA_FLAG_TE
                0x20000030                AUDIO_MAL_DMA_FLAG_DME
 .data          0x20000034       0x14 ..\obj\system_stm32f4xx.o
                0x20000034                SystemCoreClock
                0x20000038                AHBPrescTable
                0x20000048                . = ALIGN (0x4)
                0x20000048                _edata = .

.igot.plt       0x20000048        0x0 load address 0x08001a3c
 .igot.plt      0x00000000        0x0 ..\obj\stm32f4xx_syscfg.o

.bss            0x20000048       0x9c load address 0x08001a3c
                0x20000048                _sbss = .
 *(.bss .bss.*)
 .bss           0x20000048        0x8 ..\obj\TLC5940.o
 *(COMMON)
 COMMON         0x20000050       0x7c ..\obj\stm32f4_discovery_audio_codec.o
                0x20000050                CurrentPos
                0x20000054                AUDIO_MAL_DMA_InitStructure
                0x20000090                DMA_InitStructure
 COMMON         0x200000cc       0x18 ..\obj\TLC5940.o
                0x200000cc                gsData
                0x200000e4                . = ALIGN (0x4)
                0x200000e4                _ebss = .

.co_stack       0x200000e4      0x804 load address 0x08001ad8
                0x200000e8                . = ALIGN (0x8)
 *fill*         0x200000e4        0x4 00
 *(.co_stack .co_stack.*)
 .co_stack      0x200000e8      0x800 ..\obj\startup_stm32f4xx.o
                0x200000e8                pulStack
                0x200008e8                . = ALIGN (0x4)
                0x200008e8                _end = .
LOAD ..\obj\stm32f4xx_syscfg.o
LOAD ..\obj\stm32f4_discovery_audio_codec.o
LOAD ..\obj\stm32f4xx_dac.o
LOAD ..\obj\startup_stm32f4xx.o
LOAD ..\obj\stm32f4_discovery.o
LOAD ..\obj\main.o
LOAD ..\obj\stm32f4xx_rcc.o
LOAD ..\obj\TLC5940.o
LOAD ..\obj\stm32f4xx_gpio.o
LOAD ..\obj\system_stm32f4xx.o
LOAD ..\obj\stm32f4xx_dma.o
LOAD ..\obj\stm32f4_discovery_callbacks.o
LOAD ..\obj\stm32f4xx_spi.o
LOAD ..\obj\stm32f4xx_i2c.o
LOAD ..\obj\stm32f4xx_exti.o
LOAD ..\obj\misc.o
LOAD ..\obj\stm32f4_discovery_lis302dl.o
LOAD ..\obj\stm32f4xx_tim.o
LOAD ..\..\..\STM32F4-Discovery\libpdmfilter_gcc.a
START GROUP
LOAD c:/program files (x86)/gnu tools arm embedded/4.7 2013q1/bin/../lib/gcc/arm-none-eabi/4.7.3/armv7e-m\libgcc.a
LOAD c:/program files (x86)/gnu tools arm embedded/4.7 2013q1/bin/../lib/gcc/arm-none-eabi/4.7.3/../../../../arm-none-eabi/lib/armv7e-m\libg.a
LOAD c:/program files (x86)/gnu tools arm embedded/4.7 2013q1/bin/../lib/gcc/arm-none-eabi/4.7.3/../../../../arm-none-eabi/lib/armv7e-m\libc.a
END GROUP
OUTPUT(TLC.elf elf32-littlearm)

.debug_info     0x00000000     0x7c96
 .debug_info    0x00000000     0x11ad ..\obj\stm32f4_discovery_audio_codec.o
 .debug_info    0x000011ad      0x68d ..\obj\stm32f4xx_dac.o
 .debug_info    0x0000183a      0x103 ..\obj\startup_stm32f4xx.o
 .debug_info    0x0000193d      0x339 ..\obj\main.o
 .debug_info    0x00001c76      0xd49 ..\obj\stm32f4xx_rcc.o
 .debug_info    0x000029bf      0xe0e ..\obj\TLC5940.o
 .debug_info    0x000037cd      0x640 ..\obj\stm32f4xx_gpio.o
 .debug_info    0x00003e0d      0x5f5 ..\obj\system_stm32f4xx.o
 .debug_info    0x00004402      0x7af ..\obj\stm32f4xx_dma.o
 .debug_info    0x00004bb1       0xf8 ..\obj\stm32f4_discovery_callbacks.o
 .debug_info    0x00004ca9      0xbde ..\obj\stm32f4xx_spi.o
 .debug_info    0x00005887      0x592 ..\obj\misc.o
 .debug_info    0x00005e19     0x1e7d ..\obj\stm32f4xx_tim.o

.debug_abbrev   0x00000000     0x127f
 .debug_abbrev  0x00000000      0x258 ..\obj\stm32f4_discovery_audio_codec.o
 .debug_abbrev  0x00000258      0x17e ..\obj\stm32f4xx_dac.o
 .debug_abbrev  0x000003d6       0xb2 ..\obj\startup_stm32f4xx.o
 .debug_abbrev  0x00000488      0x14f ..\obj\main.o
 .debug_abbrev  0x000005d7      0x1e5 ..\obj\stm32f4xx_rcc.o
 .debug_abbrev  0x000007bc      0x1e2 ..\obj\TLC5940.o
 .debug_abbrev  0x0000099e      0x1a5 ..\obj\stm32f4xx_gpio.o
 .debug_abbrev  0x00000b43      0x138 ..\obj\system_stm32f4xx.o
 .debug_abbrev  0x00000c7b      0x157 ..\obj\stm32f4xx_dma.o
 .debug_abbrev  0x00000dd2       0x92 ..\obj\stm32f4_discovery_callbacks.o
 .debug_abbrev  0x00000e64      0x169 ..\obj\stm32f4xx_spi.o
 .debug_abbrev  0x00000fcd      0x129 ..\obj\misc.o
 .debug_abbrev  0x000010f6      0x189 ..\obj\stm32f4xx_tim.o

.debug_loc      0x00000000     0x3b5a
 .debug_loc     0x00000000      0x730 ..\obj\stm32f4_discovery_audio_codec.o
 .debug_loc     0x00000730      0x3ac ..\obj\stm32f4xx_dac.o
 .debug_loc     0x00000adc       0x64 ..\obj\startup_stm32f4xx.o
 .debug_loc     0x00000b40       0xa8 ..\obj\main.o
 .debug_loc     0x00000be8      0x97c ..\obj\stm32f4xx_rcc.o
 .debug_loc     0x00001564      0x30e ..\obj\TLC5940.o
 .debug_loc     0x00001872      0x310 ..\obj\stm32f4xx_gpio.o
 .debug_loc     0x00001b82       0x9c ..\obj\system_stm32f4xx.o
 .debug_loc     0x00001c1e      0x428 ..\obj\stm32f4xx_dma.o
 .debug_loc     0x00002046       0x64 ..\obj\stm32f4_discovery_callbacks.o
 .debug_loc     0x000020aa      0x578 ..\obj\stm32f4xx_spi.o
 .debug_loc     0x00002622      0x118 ..\obj\misc.o
 .debug_loc     0x0000273a     0x1420 ..\obj\stm32f4xx_tim.o

.debug_aranges  0x00000000      0x9d8
 .debug_aranges
                0x00000000      0x130 ..\obj\stm32f4_discovery_audio_codec.o
 .debug_aranges
                0x00000130       0xa0 ..\obj\stm32f4xx_dac.o
 .debug_aranges
                0x000001d0       0x28 ..\obj\startup_stm32f4xx.o
 .debug_aranges
                0x000001f8       0x30 ..\obj\main.o
 .debug_aranges
                0x00000228      0x178 ..\obj\stm32f4xx_rcc.o
 .debug_aranges
                0x000003a0       0x90 ..\obj\TLC5940.o
 .debug_aranges
                0x00000430       0x88 ..\obj\stm32f4xx_gpio.o
 .debug_aranges
                0x000004b8       0x30 ..\obj\system_stm32f4xx.o
 .debug_aranges
                0x000004e8       0xb0 ..\obj\stm32f4xx_dma.o
 .debug_aranges
                0x00000598       0x28 ..\obj\stm32f4_discovery_callbacks.o
 .debug_aranges
                0x000005c0       0xe0 ..\obj\stm32f4xx_spi.o
 .debug_aranges
                0x000006a0       0x40 ..\obj\misc.o
 .debug_aranges
                0x000006e0      0x2f8 ..\obj\stm32f4xx_tim.o

.debug_ranges   0x00000000      0x908
 .debug_ranges  0x00000000      0x120 ..\obj\stm32f4_discovery_audio_codec.o
 .debug_ranges  0x00000120       0x90 ..\obj\stm32f4xx_dac.o
 .debug_ranges  0x000001b0       0x18 ..\obj\startup_stm32f4xx.o
 .debug_ranges  0x000001c8       0x20 ..\obj\main.o
 .debug_ranges  0x000001e8      0x168 ..\obj\stm32f4xx_rcc.o
 .debug_ranges  0x00000350       0x80 ..\obj\TLC5940.o
 .debug_ranges  0x000003d0       0x78 ..\obj\stm32f4xx_gpio.o
 .debug_ranges  0x00000448       0x20 ..\obj\system_stm32f4xx.o
 .debug_ranges  0x00000468       0xa0 ..\obj\stm32f4xx_dma.o
 .debug_ranges  0x00000508       0x18 ..\obj\stm32f4_discovery_callbacks.o
 .debug_ranges  0x00000520       0xd0 ..\obj\stm32f4xx_spi.o
 .debug_ranges  0x000005f0       0x30 ..\obj\misc.o
 .debug_ranges  0x00000620      0x2e8 ..\obj\stm32f4xx_tim.o

.debug_line     0x00000000     0x2c7c
 .debug_line    0x00000000      0x696 ..\obj\stm32f4_discovery_audio_codec.o
 .debug_line    0x00000696      0x2db ..\obj\stm32f4xx_dac.o
 .debug_line    0x00000971       0x8c ..\obj\startup_stm32f4xx.o
 .debug_line    0x000009fd      0x1ca ..\obj\main.o
 .debug_line    0x00000bc7      0x516 ..\obj\stm32f4xx_rcc.o
 .debug_line    0x000010dd      0x35e ..\obj\TLC5940.o
 .debug_line    0x0000143b      0x2ba ..\obj\stm32f4xx_gpio.o
 .debug_line    0x000016f5      0x191 ..\obj\system_stm32f4xx.o
 .debug_line    0x00001886      0x357 ..\obj\stm32f4xx_dma.o
 .debug_line    0x00001bdd      0x11d ..\obj\stm32f4_discovery_callbacks.o
 .debug_line    0x00001cfa      0x3ce ..\obj\stm32f4xx_spi.o
 .debug_line    0x000020c8      0x1c0 ..\obj\misc.o
 .debug_line    0x00002288      0x9f4 ..\obj\stm32f4xx_tim.o

.debug_str      0x00000000     0x2efa
 .debug_str     0x00000000      0xf78 ..\obj\stm32f4_discovery_audio_codec.o
                                0xfff (size before relaxing)
 .debug_str     0x00000f78      0x237 ..\obj\stm32f4xx_dac.o
                                0x3e0 (size before relaxing)
 .debug_str     0x000011af       0x9a ..\obj\startup_stm32f4xx.o
                                 0xfe (size before relaxing)
 .debug_str     0x00001249       0x3f ..\obj\main.o
                                0x2f2 (size before relaxing)
 .debug_str     0x00001288      0x626 ..\obj\stm32f4xx_rcc.o
                                0x7dd (size before relaxing)
 .debug_str     0x000018ae      0x2e5 ..\obj\TLC5940.o
                                0xcf9 (size before relaxing)
 .debug_str     0x00001b93      0x160 ..\obj\stm32f4xx_gpio.o
                                0x430 (size before relaxing)
 .debug_str     0x00001cf3      0x102 ..\obj\system_stm32f4xx.o
                                0x337 (size before relaxing)
 .debug_str     0x00001df5      0x251 ..\obj\stm32f4xx_dma.o
                                0x4d9 (size before relaxing)
 .debug_str     0x00002046       0x72 ..\obj\stm32f4_discovery_callbacks.o
                                0x17c (size before relaxing)
 .debug_str     0x000020b8      0x28c ..\obj\stm32f4xx_spi.o
                                0x617 (size before relaxing)
 .debug_str     0x00002344      0x14b ..\obj\misc.o
                                0x366 (size before relaxing)
 .debug_str     0x0000248f      0xa6b ..\obj\stm32f4xx_tim.o
                                0xd5d (size before relaxing)

.comment        0x00000000       0x70
 .comment       0x00000000       0x70 ..\obj\stm32f4_discovery_audio_codec.o
                                 0x71 (size before relaxing)
 .comment       0x00000000       0x71 ..\obj\stm32f4xx_dac.o
 .comment       0x00000000       0x71 ..\obj\startup_stm32f4xx.o
 .comment       0x00000000       0x71 ..\obj\main.o
 .comment       0x00000000       0x71 ..\obj\stm32f4xx_rcc.o
 .comment       0x00000000       0x71 ..\obj\TLC5940.o
 .comment       0x00000000       0x71 ..\obj\stm32f4xx_gpio.o
 .comment       0x00000000       0x71 ..\obj\system_stm32f4xx.o
 .comment       0x00000000       0x71 ..\obj\stm32f4xx_dma.o
 .comment       0x00000000       0x71 ..\obj\stm32f4_discovery_callbacks.o
 .comment       0x00000000       0x71 ..\obj\stm32f4xx_spi.o
 .comment       0x00000000       0x71 ..\obj\misc.o
 .comment       0x00000000       0x71 ..\obj\stm32f4xx_tim.o

.ARM.attributes
                0x00000000       0x3b
 .ARM.attributes
                0x00000000       0x3b ..\obj\stm32f4_discovery_audio_codec.o
 .ARM.attributes
                0x0000003b       0x3b ..\obj\stm32f4xx_dac.o
 .ARM.attributes
                0x00000076       0x3b ..\obj\startup_stm32f4xx.o
 .ARM.attributes
                0x000000b1       0x3b ..\obj\main.o
 .ARM.attributes
                0x000000ec       0x3b ..\obj\stm32f4xx_rcc.o
 .ARM.attributes
                0x00000127       0x3b ..\obj\TLC5940.o
 .ARM.attributes
                0x00000162       0x3b ..\obj\stm32f4xx_gpio.o
 .ARM.attributes
                0x0000019d       0x3b ..\obj\system_stm32f4xx.o
 .ARM.attributes
                0x000001d8       0x3b ..\obj\stm32f4xx_dma.o
 .ARM.attributes
                0x00000213       0x3b ..\obj\stm32f4_discovery_callbacks.o
 .ARM.attributes
                0x0000024e       0x3b ..\obj\stm32f4xx_spi.o
 .ARM.attributes
                0x00000289       0x3b ..\obj\misc.o
 .ARM.attributes
                0x000002c4       0x3b ..\obj\stm32f4xx_tim.o

.debug_frame    0x00000000     0x1f90
 .debug_frame   0x00000000      0x438 ..\obj\stm32f4_discovery_audio_codec.o
 .debug_frame   0x00000438      0x1ec ..\obj\stm32f4xx_dac.o
 .debug_frame   0x00000624       0x48 ..\obj\startup_stm32f4xx.o
 .debug_frame   0x0000066c       0x6c ..\obj\main.o
 .debug_frame   0x000006d8      0x4d8 ..\obj\stm32f4xx_rcc.o
 .debug_frame   0x00000bb0      0x1d0 ..\obj\TLC5940.o
 .debug_frame   0x00000d80      0x19c ..\obj\stm32f4xx_gpio.o
 .debug_frame   0x00000f1c       0x64 ..\obj\system_stm32f4xx.o
 .debug_frame   0x00000f80      0x224 ..\obj\stm32f4xx_dma.o
 .debug_frame   0x000011a4       0x44 ..\obj\stm32f4_discovery_callbacks.o
 .debug_frame   0x000011e8      0x2d0 ..\obj\stm32f4xx_spi.o
 .debug_frame   0x000014b8       0x9c ..\obj\misc.o
 .debug_frame   0x00001554      0xa3c ..\obj\stm32f4xx_tim.o
